Archive member included to satisfy reference by file (symbol)

e:/imt/imt_sdk_win_64/winarm/armgcc/bin/../lib/gcc/arm-none-eabi/7.2.1/thumb/v7e-m\libgcc.a(_arm_muldivdf3.o)
                              ./src/LCD_src.o (__aeabi_dmul)
e:/imt/imt_sdk_win_64/winarm/armgcc/bin/../lib/gcc/arm-none-eabi/7.2.1/thumb/v7e-m\libgcc.a(_aeabi_uldivmod.o)
                              ./src/LCD_src.o (__aeabi_uldivmod)
e:/imt/imt_sdk_win_64/winarm/armgcc/bin/../lib/gcc/arm-none-eabi/7.2.1/thumb/v7e-m\libgcc.a(_fixunsdfdi.o)
                              ./src/LCD_src.o (__aeabi_d2ulz)
e:/imt/imt_sdk_win_64/winarm/armgcc/bin/../lib/gcc/arm-none-eabi/7.2.1/thumb/v7e-m\libgcc.a(_udivmoddi4.o)
                              e:/imt/imt_sdk_win_64/winarm/armgcc/bin/../lib/gcc/arm-none-eabi/7.2.1/thumb/v7e-m\libgcc.a(_aeabi_uldivmod.o) (__udivmoddi4)
e:/imt/imt_sdk_win_64/winarm/armgcc/bin/../lib/gcc/arm-none-eabi/7.2.1/thumb/v7e-m\libgcc.a(_dvmd_tls.o)
                              e:/imt/imt_sdk_win_64/winarm/armgcc/bin/../lib/gcc/arm-none-eabi/7.2.1/thumb/v7e-m\libgcc.a(_aeabi_uldivmod.o) (__aeabi_ldiv0)
e:/imt/imt_sdk_win_64/winarm/armgcc/bin/../lib/gcc/arm-none-eabi/7.2.1/thumb/v7e-m\libgcc.a(_arm_addsubdf3.o)
                              e:/imt/imt_sdk_win_64/winarm/armgcc/bin/../lib/gcc/arm-none-eabi/7.2.1/thumb/v7e-m\libgcc.a(_fixunsdfdi.o) (__aeabi_dsub)
e:/imt/imt_sdk_win_64/winarm/armgcc/bin/../lib/gcc/arm-none-eabi/7.2.1/thumb/v7e-m\libgcc.a(_arm_fixunsdfsi.o)
                              e:/imt/imt_sdk_win_64/winarm/armgcc/bin/../lib/gcc/arm-none-eabi/7.2.1/thumb/v7e-m\libgcc.a(_fixunsdfdi.o) (__aeabi_d2uiz)
e:/imt/imt_sdk_win_64/winarm/armgcc/bin/../lib/gcc/arm-none-eabi/7.2.1/../../../../arm-none-eabi/lib/thumb/v7e-m\libg_nano.a(lib_a-errno.o)
                              ./system/src/newlib/_sbrk.o (__errno)
e:/imt/imt_sdk_win_64/winarm/armgcc/bin/../lib/gcc/arm-none-eabi/7.2.1/../../../../arm-none-eabi/lib/thumb/v7e-m\libg_nano.a(lib_a-impure.o)
                              e:/imt/imt_sdk_win_64/winarm/armgcc/bin/../lib/gcc/arm-none-eabi/7.2.1/../../../../arm-none-eabi/lib/thumb/v7e-m\libg_nano.a(lib_a-errno.o) (_impure_ptr)
e:/imt/imt_sdk_win_64/winarm/armgcc/bin/../lib/gcc/arm-none-eabi/7.2.1/../../../../arm-none-eabi/lib/thumb/v7e-m\libg_nano.a(lib_a-strlen.o)
                              ./system/src/diag/Trace.o (strlen)
e:/imt/imt_sdk_win_64/winarm/armgcc/bin/../lib/gcc/arm-none-eabi/7.2.1/../../../../arm-none-eabi/lib/thumb/v7e-m\libg_nano.a(lib_a-vsnprintf.o)
                              ./system/src/diag/Trace.o (vsnprintf)
e:/imt/imt_sdk_win_64/winarm/armgcc/bin/../lib/gcc/arm-none-eabi/7.2.1/../../../../arm-none-eabi/lib/thumb/v7e-m\libg_nano.a(lib_a-nano-svfprintf.o)
                              e:/imt/imt_sdk_win_64/winarm/armgcc/bin/../lib/gcc/arm-none-eabi/7.2.1/../../../../arm-none-eabi/lib/thumb/v7e-m\libg_nano.a(lib_a-vsnprintf.o) (_svfprintf_r)
e:/imt/imt_sdk_win_64/winarm/armgcc/bin/../lib/gcc/arm-none-eabi/7.2.1/../../../../arm-none-eabi/lib/thumb/v7e-m\libg_nano.a(lib_a-nano-vfprintf_i.o)
                              e:/imt/imt_sdk_win_64/winarm/armgcc/bin/../lib/gcc/arm-none-eabi/7.2.1/../../../../arm-none-eabi/lib/thumb/v7e-m\libg_nano.a(lib_a-nano-svfprintf.o) (_printf_i)
e:/imt/imt_sdk_win_64/winarm/armgcc/bin/../lib/gcc/arm-none-eabi/7.2.1/../../../../arm-none-eabi/lib/thumb/v7e-m\libg_nano.a(lib_a-memchr.o)
                              e:/imt/imt_sdk_win_64/winarm/armgcc/bin/../lib/gcc/arm-none-eabi/7.2.1/../../../../arm-none-eabi/lib/thumb/v7e-m\libg_nano.a(lib_a-nano-svfprintf.o) (memchr)
e:/imt/imt_sdk_win_64/winarm/armgcc/bin/../lib/gcc/arm-none-eabi/7.2.1/../../../../arm-none-eabi/lib/thumb/v7e-m\libg_nano.a(lib_a-memcpy-stub.o)
                              e:/imt/imt_sdk_win_64/winarm/armgcc/bin/../lib/gcc/arm-none-eabi/7.2.1/../../../../arm-none-eabi/lib/thumb/v7e-m\libg_nano.a(lib_a-nano-svfprintf.o) (memcpy)
e:/imt/imt_sdk_win_64/winarm/armgcc/bin/../lib/gcc/arm-none-eabi/7.2.1/../../../../arm-none-eabi/lib/thumb/v7e-m\libg_nano.a(lib_a-memmove.o)
                              e:/imt/imt_sdk_win_64/winarm/armgcc/bin/../lib/gcc/arm-none-eabi/7.2.1/../../../../arm-none-eabi/lib/thumb/v7e-m\libg_nano.a(lib_a-nano-svfprintf.o) (memmove)
e:/imt/imt_sdk_win_64/winarm/armgcc/bin/../lib/gcc/arm-none-eabi/7.2.1/../../../../arm-none-eabi/lib/thumb/v7e-m\libg_nano.a(lib_a-nano-freer.o)
                              e:/imt/imt_sdk_win_64/winarm/armgcc/bin/../lib/gcc/arm-none-eabi/7.2.1/../../../../arm-none-eabi/lib/thumb/v7e-m\libg_nano.a(lib_a-nano-svfprintf.o) (_free_r)
e:/imt/imt_sdk_win_64/winarm/armgcc/bin/../lib/gcc/arm-none-eabi/7.2.1/../../../../arm-none-eabi/lib/thumb/v7e-m\libg_nano.a(lib_a-nano-mallocr.o)
                              e:/imt/imt_sdk_win_64/winarm/armgcc/bin/../lib/gcc/arm-none-eabi/7.2.1/../../../../arm-none-eabi/lib/thumb/v7e-m\libg_nano.a(lib_a-nano-svfprintf.o) (_malloc_r)
[...]
Memory Configuration

Name             Origin             Length             Attributes
RAM              0x20000000         0x00010000         xrw
CCMRAM           0x10000000         0x00000000         xrw
FLASH            0x08000000         0x00040000         xr
FLASHB1          0x00000000         0x00000000         xr
EXTMEMB0         0x00000000         0x00000000         xr
EXTMEMB1         0x00000000         0x00000000         xr
EXTMEMB2         0x00000000         0x00000000         xr
EXTMEMB3         0x00000000         0x00000000         xr
*default*        0x00000000         0xffffffff

Linker script and memory map

LOAD ./system/src/stm32f4-hal/stm32f4xx_hal.o
LOAD ./system/src/stm32f4-hal/stm32f4xx_hal_cortex.o
LOAD ./system/src/stm32f4-hal/stm32f4xx_hal_dfsdm.o
LOAD ./system/src/stm32f4-hal/stm32f4xx_hal_flash.o
LOAD ./system/src/stm32f4-hal/stm32f4xx_hal_gpio.o
LOAD ./system/src/stm32f4-hal/stm32f4xx_hal_iwdg.o
LOAD ./system/src/stm32f4-hal/stm32f4xx_hal_pwr.o
LOAD ./system/src/stm32f4-hal/stm32f4xx_hal_rcc.o
LOAD ./system/src/newlib/_cxx.o
LOAD ./system/src/newlib/_exit.o
LOAD ./system/src/newlib/_sbrk.o
LOAD ./system/src/newlib/_startup.o
LOAD ./system/src/newlib/_syscalls.o
LOAD ./system/src/newlib/assert.o
LOAD ./system/src/diag/Trace.o
LOAD ./system/src/diag/trace_impl.o
LOAD ./system/src/cortexm/_initialize_hardware.o
LOAD ./system/src/cortexm/_reset_hardware.o
LOAD ./system/src/cortexm/exception_handlers.o
LOAD ./system/src/cmsis/system_stm32f4xx.o
LOAD ./system/src/cmsis/vectors_stm32f401xc.o
LOAD ./src/ASystem_Init.o
LOAD ./src/HMotor_Program.o
LOAD ./src/LCD_src.o
LOAD ./src/MEXTI_Program.o
LOAD ./src/MGPIO_Program.o
LOAD ./src/MNVIC_Program.o
LOAD ./src/MRCC_Program.o
LOAD ./src/MSTK_Program.o
LOAD ./src/MUSART_Program.o
LOAD ./src/_initialize_hardware.o
LOAD ./src/_write.o
LOAD ./src/main.o
LOAD ./src/stm32f4xx_hal_msp.o
LOAD e:/imt/imt_sdk_win_64/winarm/armgcc/bin/../lib/gcc/arm-none-eabi/7.2.1/../../../../arm-none-eabi/lib/thumb/v7e-m\libstdc++_nano.a
LOAD e:/imt/imt_sdk_win_64/winarm/armgcc/bin/../lib/gcc/arm-none-eabi/7.2.1/../../../../arm-none-eabi/lib/thumb/v7e-m\libm.a
START GROUP
LOAD e:/imt/imt_sdk_win_64/winarm/armgcc/bin/../lib/gcc/arm-none-eabi/7.2.1/thumb/v7e-m\libgcc.a
LOAD e:/imt/imt_sdk_win_64/winarm/armgcc/bin/../lib/gcc/arm-none-eabi/7.2.1/../../../../arm-none-eabi/lib/thumb/v7e-m\libg_nano.a
LOAD e:/imt/imt_sdk_win_64/winarm/armgcc/bin/../lib/gcc/arm-none-eabi/7.2.1/../../../../arm-none-eabi/lib/thumb/v7e-m\libc_nano.a
END GROUP
START GROUP
LOAD e:/imt/imt_sdk_win_64/winarm/armgcc/bin/../lib/gcc/arm-none-eabi/7.2.1/thumb/v7e-m\libgcc.a
LOAD e:/imt/imt_sdk_win_64/winarm/armgcc/bin/../lib/gcc/arm-none-eabi/7.2.1/../../../../arm-none-eabi/lib/thumb/v7e-m\libc_nano.a
END GROUP
                0x20010000                __stack = (ORIGIN (RAM) + LENGTH (RAM))
                0x20010000                _estack = __stack
                0x00000400                __Main_Stack_Size = 0x400
                [!provide]                PROVIDE (_Main_Stack_Size, __Main_Stack_Size)
                0x2000fc00                __Main_Stack_Limit = (__stack - __Main_Stack_Size)
                [!provide]                PROVIDE (_Main_Stack_Limit, __Main_Stack_Limit)
                0x00000100                _Minimum_Stack_Size = 0x100
                0x20000128                PROVIDE (_Heap_Begin, _end_noinit)
                0x2000fc00                PROVIDE (_Heap_Limit, (__stack - __Main_Stack_Size))

.isr_vector     0x08000000      0x3f4
 FILL mask 0xff
                0x08000000                __vectors_start = ABSOLUTE (.)
                0x08000000                __vectors_start__ = ABSOLUTE (.)
 *(.isr_vector)
 .isr_vector    0x08000000      0x194 ./system/src/cmsis/vectors_stm32f401xc.o
                0x08000000                __isr_vectors
 *(.cfmconfig)
 *(.after_vectors .after_vectors.*)
 .after_vectors
                0x08000194      0x130 ./system/src/newlib/_startup.o
                0x08000194                _start
 .after_vectors
                0x080002c4      0x12c ./system/src/cortexm/exception_handlers.o
                0x080002c4                Reset_Handler
                0x080002ca                NMI_Handler
                0x080002ce                HardFault_Handler
                0x080002e2                HardFault_Handler_C
                0x08000340                MemManage_Handler
                0x08000344                BusFault_Handler
                0x08000358                BusFault_Handler_C
                0x0800038c                UsageFault_Handler
                0x080003a0                UsageFault_Handler_C
                0x080003d4                SVC_Handler
                0x080003d8                DebugMon_Handler
                0x080003dc                PendSV_Handler
                0x080003e0                SysTick_Handler
 .after_vectors
                0x080003f0        0x4 ./system/src/cmsis/vectors_stm32f401xc.o
                0x080003f0                RTC_Alarm_IRQHandler
                0x080003f0                EXTI2_IRQHandler
                0x080003f0                SPI4_IRQHandler
                0x080003f0                TIM1_CC_IRQHandler
                0x080003f0                DMA2_Stream5_IRQHandler
                0x080003f0                DMA1_Stream5_IRQHandler
                0x080003f0                PVD_IRQHandler
                0x080003f0                SDIO_IRQHandler
                0x080003f0                TAMP_STAMP_IRQHandler
                0x080003f0                EXTI3_IRQHandler
                0x080003f0                TIM1_UP_TIM10_IRQHandler
                0x080003f0                I2C3_ER_IRQHandler
                0x080003f0                I2C2_EV_IRQHandler
                0x080003f0                DMA1_Stream2_IRQHandler
                0x080003f0                FPU_IRQHandler
                0x080003f0                DMA2_Stream2_IRQHandler
                0x080003f0                SPI1_IRQHandler
                0x080003f0                TIM1_BRK_TIM9_IRQHandler
                0x080003f0                DMA2_Stream3_IRQHandler
                0x080003f0                USART6_IRQHandler
                0x080003f0                DMA2_Stream0_IRQHandler
                0x080003f0                TIM4_IRQHandler
                0x080003f0                I2C1_EV_IRQHandler
                0x080003f0                DMA1_Stream6_IRQHandler
                0x080003f0                DMA1_Stream1_IRQHandler
                0x080003f0                TIM3_IRQHandler
                0x080003f0                RCC_IRQHandler
                0x080003f0                Default_Handler
                0x080003f0                EXTI15_10_IRQHandler
                0x080003f0                ADC_IRQHandler
                0x080003f0                DMA1_Stream7_IRQHandler
                0x080003f0                TIM5_IRQHandler
                0x080003f0                DMA2_Stream7_IRQHandler
                0x080003f0                I2C3_EV_IRQHandler
                0x080003f0                EXTI9_5_IRQHandler
                0x080003f0                RTC_WKUP_IRQHandler
                0x080003f0                SPI2_IRQHandler
                0x080003f0                DMA1_Stream0_IRQHandler
                0x080003f0                EXTI4_IRQHandler
                0x080003f0                WWDG_IRQHandler
                0x080003f0                TIM2_IRQHandler
                0x080003f0                OTG_FS_WKUP_IRQHandler
                0x080003f0                TIM1_TRG_COM_TIM11_IRQHandler
                0x080003f0                USART2_IRQHandler
                0x080003f0                I2C2_ER_IRQHandler
                0x080003f0                DMA2_Stream1_IRQHandler
                0x080003f0                FLASH_IRQHandler
                0x080003f0                DMA2_Stream4_IRQHandler
                0x080003f0                OTG_FS_IRQHandler
                0x080003f0                SPI3_IRQHandler
                0x080003f0                DMA1_Stream4_IRQHandler
                0x080003f0                I2C1_ER_IRQHandler
                0x080003f0                DMA2_Stream6_IRQHandler
                0x080003f0                DMA1_Stream3_IRQHandler

.inits          0x080003f4       0x28
                0x080003f4                __data_regions_array_start = .
                0x080003f4        0x4 LONG 0x80026f0 LOADADDR (.data)
                0x080003f8        0x4 LONG 0x20000000 ADDR (.data)
                0x080003fc        0x4 LONG 0x20000078 (ADDR (.data) + SIZEOF (.data))
                0x08000400        0x4 LONG 0x80026f0 LOADADDR (.data_CCMRAM)
                0x08000404        0x4 LONG 0x10000000 ADDR (.data_CCMRAM)
                0x08000408        0x4 LONG 0x10000000 (ADDR (.data_CCMRAM) + SIZEOF (.data_CCMRAM))
                0x0800040c                __data_regions_array_end = .
                0x0800040c                __bss_regions_array_start = .
                0x0800040c        0x4 LONG 0x20000078 ADDR (.bss)
                0x08000410        0x4 LONG 0x20000128 (ADDR (.bss) + SIZEOF (.bss))
                0x08000414        0x4 LONG 0x10000000 ADDR (.bss_CCMRAM)
                0x08000418        0x4 LONG 0x10000000 (ADDR (.bss_CCMRAM) + SIZEOF (.bss_CCMRAM))
                0x0800041c                __bss_regions_array_end = .
 *(.init)
 *(.fini)
                0x0800041c                . = ALIGN (0x4)
                0x0800041c                PROVIDE (__preinit_array_start, .)
 *(.preinit_array_sysinit .preinit_array_sysinit.*)
 *(.preinit_array_platform .preinit_array_platform.*)
 *(.preinit_array .preinit_array.*)
                0x0800041c                PROVIDE (__preinit_array_end, .)
                0x0800041c                . = ALIGN (0x4)
                0x0800041c                PROVIDE (__init_array_start, .)
 *(SORT_BY_NAME(.init_array.*))
 *(.init_array)
                0x0800041c                PROVIDE (__init_array_end, .)
                0x0800041c                . = ALIGN (0x4)
                0x0800041c                PROVIDE (__fini_array_start, .)
 *(SORT_BY_NAME(.fini_array.*))
 *(.fini_array)
                0x0800041c                PROVIDE (__fini_array_end, .)

.flashtext
 *(.flashtext .flashtext.*)

.text           0x08000420     0x22cf
 *(.text .text.*)
 .text.HAL_InitTick
                0x08000420       0x2c ./system/src/stm32f4-hal/stm32f4xx_hal.o
                0x08000420                HAL_InitTick
 .text.HAL_Init
                0x0800044c       0x34 ./system/src/stm32f4-hal/stm32f4xx_hal.o
                0x0800044c                HAL_Init
 .text.HAL_GetTick
                0x08000480        0xc ./system/src/stm32f4-hal/stm32f4xx_hal.o
                0x08000480                HAL_GetTick
 .text.HAL_NVIC_SetPriorityGrouping
                0x0800048c       0x3c ./system/src/stm32f4-hal/stm32f4xx_hal_cortex.o
                0x0800048c                HAL_NVIC_SetPriorityGrouping
 .text.HAL_NVIC_SetPriority
                0x080004c8       0x8c ./system/src/stm32f4-hal/stm32f4xx_hal_cortex.o
                0x080004c8                HAL_NVIC_SetPriority
 .text.HAL_SYSTICK_Config
                0x08000554       0x2c ./system/src/stm32f4-hal/stm32f4xx_hal_cortex.o
                0x08000554                HAL_SYSTICK_Config
 .text.HAL_SYSTICK_CLKSourceConfig
                0x08000580       0x3c ./system/src/stm32f4-hal/stm32f4xx_hal_cortex.o
                0x08000580                HAL_SYSTICK_CLKSourceConfig
 .text.HAL_RCC_OscConfig
                0x080005bc      0x43c ./system/src/stm32f4-hal/stm32f4xx_hal_rcc.o
                0x080005bc                HAL_RCC_OscConfig
 .text.HAL_RCC_GetSysClockFreq
                0x080009f8       0x94 ./system/src/stm32f4-hal/stm32f4xx_hal_rcc.o
                0x080009f8                HAL_RCC_GetSysClockFreq
 .text.HAL_RCC_ClockConfig
                0x08000a8c      0x258 ./system/src/stm32f4-hal/stm32f4xx_hal_rcc.o
                0x08000a8c                HAL_RCC_ClockConfig
 .text.HAL_RCC_GetHCLKFreq
                0x08000ce4        0xc ./system/src/stm32f4-hal/stm32f4xx_hal_rcc.o
                0x08000ce4                HAL_RCC_GetHCLKFreq
 .text._exit    0x08000cf0        0x2 ./system/src/newlib/_exit.o
                0x08000cf0                _exit
 *fill*         0x08000cf2        0x2 
 .text.abort    0x08000cf4       0x14 ./system/src/newlib/_exit.o
                0x08000cf4                abort
 .text._sbrk    0x08000d08       0x44 ./system/src/newlib/_sbrk.o
                0x08000d08                _sbrk
 .text.__initialize_args
                0x08000d4c       0x10 ./system/src/newlib/_syscalls.o
                0x08000d4c                __initialize_args
 .text.assert_failed
                0x08000d5c       0x14 ./system/src/newlib/assert.o
                0x08000d5c                assert_failed
 .text.trace_printf
                0x08000d70       0x30 ./system/src/diag/Trace.o
                0x08000d70                trace_printf
 .text.trace_puts
                0x08000da0       0x20 ./system/src/diag/Trace.o
                0x08000da0                trace_puts
 .text._trace_write_semihosting_debug
                0x08000dc0       0x60 ./system/src/diag/trace_impl.o
 .text.trace_write
                0x08000e20        0x8 ./system/src/diag/trace_impl.o
                0x08000e20                trace_write
 .text.__initialize_hardware_early
                0x08000e28       0x18 ./system/src/cortexm/_initialize_hardware.o
                0x08000e28                __initialize_hardware_early
 .text.dumpExceptionStack
                0x08000e40       0xf4 ./system/src/cortexm/exception_handlers.o
                0x08000e40                dumpExceptionStack
 .text.isSemihosting
                0x08000f34       0x20 ./system/src/cortexm/exception_handlers.o
                0x08000f34                isSemihosting
 .text.SystemInit
                0x08000f54       0x40 ./system/src/cmsis/system_stm32f4xx.o
                0x08000f54                SystemInit
 .text.SystemCoreClockUpdate
                0x08000f94       0xa0 ./system/src/cmsis/system_stm32f4xx.o
                0x08000f94                SystemCoreClockUpdate
 .text.ASystem_voidInit
                0x08001034       0xb0 ./src/ASystem_Init.o
                0x08001034                ASystem_voidInit
 .text.ADoor_voidInit
                0x080010e4       0x36 ./src/ASystem_Init.o
                0x080010e4                ADoor_voidInit
 *fill*         0x0800111a        0x2 
 .text.ALights_voidControl
                0x0800111c       0x10 ./src/ASystem_Init.o
                0x0800111c                ALights_voidControl
 .text.ASysTick_voidCheck
                0x0800112c       0x28 ./src/ASystem_Init.o
                0x0800112c                ASysTick_voidCheck
 .text.ASystem_vodiUART
                0x08001154       0x34 ./src/ASystem_Init.o
                0x08001154                ASystem_vodiUART
 .text.LED_ON   0x08001188       0x98 ./src/ASystem_Init.o
                0x08001188                LED_ON
 .text.ASystem_voidLCD
                0x08001220       0x2c ./src/ASystem_Init.o
                0x08001220                ASystem_voidLCD
 .text.ASystem_voidMotor
                0x0800124c        0xa ./src/ASystem_Init.o
                0x0800124c                ASystem_voidMotor
 .text.AAlert_voidSys
                0x08001256       0x40 ./src/ASystem_Init.o
                0x08001256                AAlert_voidSys
 .text.HMotor_vidStart
                0x08001296       0x80 ./src/HMotor_Program.o
                0x08001296                HMotor_vidStart
 .text.LCD_voidLatch
                0x08001316       0x98 ./src/LCD_src.o
 .text.LCD_enuDisplayChar
                0x080013ae       0x16 ./src/LCD_src.o
                0x080013ae                LCD_enuDisplayChar
 .text.LCD_enuSendCommand
                0x080013c4       0x16 ./src/LCD_src.o
                0x080013c4                LCD_enuSendCommand
 .text.LCD_enuInit
                0x080013da       0xda ./src/LCD_src.o
                0x080013da                LCD_enuInit
 .text.LCD_voidSendString
                0x080014b4       0x18 ./src/LCD_src.o
                0x080014b4                LCD_voidSendString
 .text.LCD_invidSendCommend
                0x080014cc       0xa2 ./src/LCD_src.o
                0x080014cc                LCD_invidSendCommend
 .text.LCD_voidSetPosition
                0x0800156e       0x20 ./src/LCD_src.o
                0x0800156e                LCD_voidSetPosition
 *fill*         0x0800158e        0x2 
 .text.MEXTI_voidEnableEXTI
                0x08001590       0x14 ./src/MEXTI_Program.o
                0x08001590                MEXTI_voidEnableEXTI
 .text.MEXTI_voidSetTriggerSource
                0x080015a4       0x48 ./src/MEXTI_Program.o
                0x080015a4                MEXTI_voidSetTriggerSource
 .text.MEXTI1_VoidCallBack
                0x080015ec        0xc ./src/MEXTI_Program.o
                0x080015ec                MEXTI1_VoidCallBack
 .text.EXTI0_IRQHandler
                0x080015f8       0x1c ./src/MEXTI_Program.o
                0x080015f8                EXTI0_IRQHandler
 .text.EXTI1_IRQHandler
                0x08001614       0x28 ./src/MEXTI_Program.o
                0x08001614                EXTI1_IRQHandler
 .text.MGPIO_u8SetPinMode
                0x0800163c       0x5c ./src/MGPIO_Program.o
                0x0800163c                MGPIO_u8SetPinMode
 .text.MGPIO_u8SetOutputType
                0x08001698       0x5c ./src/MGPIO_Program.o
                0x08001698                MGPIO_u8SetOutputType
 .text.MGPIO_u8SetOutputSpeed
                0x080016f4       0x5c ./src/MGPIO_Program.o
                0x080016f4                MGPIO_u8SetOutputSpeed
 .text.MGPIO_u8SetPullState
                0x08001750       0x5c ./src/MGPIO_Program.o
                0x08001750                MGPIO_u8SetPullState
 .text.MGPIO_u8GetPinValue
                0x080017ac       0x40 ./src/MGPIO_Program.o
                0x080017ac                MGPIO_u8GetPinValue
 .text.MGPIO_u8SetPinValue
                0x080017ec       0xa8 ./src/MGPIO_Program.o
                0x080017ec                MGPIO_u8SetPinValue
 .text.MGPIO_voidSetPinAltFun
                0x08001894       0x98 ./src/MGPIO_Program.o
                0x08001894                MGPIO_voidSetPinAltFun
 .text.MNVIC_voidEnableInterrupt
                0x0800192c       0x18 ./src/MNVIC_Program.o
                0x0800192c                MNVIC_voidEnableInterrupt
 .text.MRCC_voidEnablePeripheralClock
                0x08001944       0x48 ./src/MRCC_Program.o
                0x08001944                MRCC_voidEnablePeripheralClock
 .text.MRCC_voidInitSystemClk
                0x0800198c       0x28 ./src/MRCC_Program.o
                0x0800198c                MRCC_voidInitSystemClk
 .text.MSTK_voidInit
                0x080019b4        0xc ./src/MSTK_Program.o
                0x080019b4                MSTK_voidInit
 .text.MSTK_voidStart
                0x080019c0       0x18 ./src/MSTK_Program.o
                0x080019c0                MSTK_voidStart
 .text.MSTK_u8ReadFlag
                0x080019d8       0x10 ./src/MSTK_Program.o
                0x080019d8                MSTK_u8ReadFlag
 .text.MSTK_voidCtrlIntState
                0x080019e8       0x18 ./src/MSTK_Program.o
                0x080019e8                MSTK_voidCtrlIntState
 .text.MSTK_voidDelayMs
                0x08001a00       0x24 ./src/MSTK_Program.o
                0x08001a00                MSTK_voidDelayMs
 .text.MUSART_voidInit
                0x08001a24       0x50 ./src/MUSART_Program.o
                0x08001a24                MUSART_voidInit
 .text.MUSART_voidSendData
                0x08001a74       0x2c ./src/MUSART_Program.o
                0x08001a74                MUSART_voidSendData
 .text.MUSART_voidEnable
                0x08001aa0       0x10 ./src/MUSART_Program.o
                0x08001aa0                MUSART_voidEnable
 .text.USART1_IRQHandler
                0x08001ab0       0x10 ./src/MUSART_Program.o
                0x08001ab0                USART1_IRQHandler
 .text.SystemClock_Config
                0x08001ac0       0x98 ./src/_initialize_hardware.o
                0x08001ac0                SystemClock_Config
 .text.__initialize_hardware
                0x08001b58       0x10 ./src/_initialize_hardware.o
                0x08001b58                __initialize_hardware
 .text.main     0x08001b68       0x28 ./src/main.o
                0x08001b68                main
 .text.HAL_MspInit
                0x08001b90        0x2 ./src/stm32f4xx_hal_msp.o
                0x08001b90                HAL_MspInit
 *fill*         0x08001b92        0x2 
 .text.__errno  0x08001b94        0xc e:/imt/imt_sdk_win_64/winarm/armgcc/bin/../lib/gcc/arm-none-eabi/7.2.1/../../../../arm-none-eabi/lib/thumb/v7e-m\libg_nano.a(lib_a-errno.o)
                0x08001b94                __errno
 .text          0x08001ba0       0x10 e:/imt/imt_sdk_win_64/winarm/armgcc/bin/../lib/gcc/arm-none-eabi/7.2.1/../../../../arm-none-eabi/lib/thumb/v7e-m\libg_nano.a(lib_a-strlen.o)
                0x08001ba0                strlen
 .text._vsnprintf_r
                0x08001bb0       0x58 e:/imt/imt_sdk_win_64/winarm/armgcc/bin/../lib/gcc/arm-none-eabi/7.2.1/../../../../arm-none-eabi/lib/thumb/v7e-m\libg_nano.a(lib_a-vsnprintf.o)
                0x08001bb0                _vsniprintf_r
                0x08001bb0                _vsnprintf_r
 .text.vsnprintf
                0x08001c08       0x1c e:/imt/imt_sdk_win_64/winarm/armgcc/bin/../lib/gcc/arm-none-eabi/7.2.1/../../../../arm-none-eabi/lib/thumb/v7e-m\libg_nano.a(lib_a-vsnprintf.o)
                0x08001c08                vsniprintf
                0x08001c08                vsnprintf
 .text.__ssputs_r
                0x08001c24       0xb4 e:/imt/imt_sdk_win_64/winarm/armgcc/bin/../lib/gcc/arm-none-eabi/7.2.1/../../../../arm-none-eabi/lib/thumb/v7e-m\libg_nano.a(lib_a-nano-svfprintf.o)
                0x08001c24                __ssputs_r
 .text._svfprintf_r
                0x08001cd8      0x1ec e:/imt/imt_sdk_win_64/winarm/armgcc/bin/../lib/gcc/arm-none-eabi/7.2.1/../../../../arm-none-eabi/lib/thumb/v7e-m\libg_nano.a(lib_a-nano-svfprintf.o)
                0x08001cd8                _svfiprintf_r
                0x08001cd8                _svfprintf_r
 .text._printf_common
                0x08001ec4       0xea e:/imt/imt_sdk_win_64/winarm/armgcc/bin/../lib/gcc/arm-none-eabi/7.2.1/../../../../arm-none-eabi/lib/thumb/v7e-m\libg_nano.a(lib_a-nano-vfprintf_i.o)
                0x08001ec4                _printf_common
 *fill*         0x08001fae        0x2 
 .text._printf_i
                0x08001fb0      0x224 e:/imt/imt_sdk_win_64/winarm/armgcc/bin/../lib/gcc/arm-none-eabi/7.2.1/../../../../arm-none-eabi/lib/thumb/v7e-m\libg_nano.a(lib_a-nano-vfprintf_i.o)
                0x08001fb0                _printf_i
 *fill*         0x080021d4        0xc 
 .text          0x080021e0       0xa0 e:/imt/imt_sdk_win_64/winarm/armgcc/bin/../lib/gcc/arm-none-eabi/7.2.1/../../../../arm-none-eabi/lib/thumb/v7e-m\libg_nano.a(lib_a-memchr.o)
                0x080021e0                memchr
 .text.memcpy   0x08002280       0x16 e:/imt/imt_sdk_win_64/winarm/armgcc/bin/../lib/gcc/arm-none-eabi/7.2.1/../../../../arm-none-eabi/lib/thumb/v7e-m\libg_nano.a(lib_a-memcpy-stub.o)
                0x08002280                memcpy
 .text.memmove  0x08002296       0x32 e:/imt/imt_sdk_win_64/winarm/armgcc/bin/../lib/gcc/arm-none-eabi/7.2.1/../../../../arm-none-eabi/lib/thumb/v7e-m\libg_nano.a(lib_a-memmove.o)
                0x08002296                memmove
 .text._free_r  0x080022c8       0x9c e:/imt/imt_sdk_win_64/winarm/armgcc/bin/../lib/gcc/arm-none-eabi/7.2.1/../../../../arm-none-eabi/lib/thumb/v7e-m\libg_nano.a(lib_a-nano-freer.o)
                0x080022c8                _free_r
 .text._malloc_r
                0x08002364       0xb4 e:/imt/imt_sdk_win_64/winarm/armgcc/bin/../lib/gcc/arm-none-eabi/7.2.1/../../../../arm-none-eabi/lib/thumb/v7e-m\libg_nano.a(lib_a-nano-mallocr.o)
                0x08002364                _malloc_r
 .text._realloc_r
                0x08002418       0x4c e:/imt/imt_sdk_win_64/winarm/armgcc/bin/../lib/gcc/arm-none-eabi/7.2.1/../../../../arm-none-eabi/lib/thumb/v7e-m\libg_nano.a(lib_a-nano-reallocr.o)
                0x08002418                _realloc_r
 .text._sbrk_r  0x08002464       0x20 e:/imt/imt_sdk_win_64/winarm/armgcc/bin/../lib/gcc/arm-none-eabi/7.2.1/../../../../arm-none-eabi/lib/thumb/v7e-m\libg_nano.a(lib_a-sbrkr.o)
                0x08002464                _sbrk_r
 .text.__malloc_lock
                0x08002484        0x2 e:/imt/imt_sdk_win_64/winarm/armgcc/bin/../lib/gcc/arm-none-eabi/7.2.1/../../../../arm-none-eabi/lib/thumb/v7e-m\libg_nano.a(lib_a-mlock.o)
                0x08002484                __malloc_lock
 .text.__malloc_unlock
                0x08002486        0x2 e:/imt/imt_sdk_win_64/winarm/armgcc/bin/../lib/gcc/arm-none-eabi/7.2.1/../../../../arm-none-eabi/lib/thumb/v7e-m\libg_nano.a(lib_a-mlock.o)
                0x08002486                __malloc_unlock
 .text._malloc_usable_size_r
                0x08002488       0x10 e:/imt/imt_sdk_win_64/winarm/armgcc/bin/../lib/gcc/arm-none-eabi/7.2.1/../../../../arm-none-eabi/lib/thumb/v7e-m\libg_nano.a(lib_a-nano-msizer.o)
                0x08002488                _malloc_usable_size_r
 *(.rodata .rodata.* .constdata .constdata.*)
 .rodata.HAL_NVIC_SetPriorityGrouping.str1.4
                0x08002498       0x31 ./system/src/stm32f4-hal/stm32f4xx_hal_cortex.o
 *fill*         0x080024c9        0x3 
 .rodata.APBAHBPrescTable
                0x080024cc       0x10 ./system/src/stm32f4-hal/stm32f4xx_hal_rcc.o
                0x080024cc                APBAHBPrescTable
 .rodata.HAL_RCC_OscConfig.str1.4
                0x080024dc       0x2e ./system/src/stm32f4-hal/stm32f4xx_hal_rcc.o
 *fill*         0x0800250a        0x2 
 .rodata.abort.str1.4
                0x0800250c       0x14 ./system/src/newlib/_exit.o
 .rodata.assert_failed.str1.4
                0x08002520       0x2b ./system/src/newlib/assert.o
 .rodata.trace_puts.str1.4
                0x0800254b       0x2b ./system/src/diag/Trace.o
                                  0x2 (size before relaxing)
 *fill*         0x0800254b        0x1 
 .rodata.dumpExceptionStack.str1.4
                0x0800254c      0x11a ./system/src/cortexm/exception_handlers.o
 *fill*         0x08002666        0x2 
 .rodata.str1.4
                0x08002668       0x2a ./system/src/cortexm/exception_handlers.o
 *fill*         0x08002692        0x2 
 .rodata.AHBPrescTable
                0x08002694       0x10 ./system/src/cmsis/system_stm32f4xx.o
                0x08002694                AHBPrescTable
 .rodata.ASystem_voidLCD.str1.4
                0x080026a4        0x6 ./src/ASystem_Init.o
 *fill*         0x080026aa        0x2 
 .rodata.LED_ON.str1.4
                0x080026ac       0x10 ./src/ASystem_Init.o
                                  0xf (size before relaxing)
 .rodata._svfprintf_r.str1.1
                0x080026bc       0x11 e:/imt/imt_sdk_win_64/winarm/armgcc/bin/../lib/gcc/arm-none-eabi/7.2.1/../../../../arm-none-eabi/lib/thumb/v7e-m\libg_nano.a(lib_a-nano-svfprintf.o)
 .rodata._printf_i.str1.1
                0x080026cd       0x22 e:/imt/imt_sdk_win_64/winarm/armgcc/bin/../lib/gcc/arm-none-eabi/7.2.1/../../../../arm-none-eabi/lib/thumb/v7e-m\libg_nano.a(lib_a-nano-vfprintf_i.o)
 *(vtable)
 *(.eh_frame*)
 *(.glue_7)
 .glue_7        0x080026ef        0x0 linker stubs
 *(.glue_7t)
 .glue_7t       0x080026ef        0x0 linker stubs

.vfp11_veneer   0x080026f0        0x0
 .vfp11_veneer  0x080026f0        0x0 linker stubs

.v4_bx          0x080026f0        0x0
 .v4_bx         0x080026f0        0x0 linker stubs

.iplt           0x080026f0        0x0
 .iplt          0x080026f0        0x0 ./system/src/stm32f4-hal/stm32f4xx_hal.o

.rel.dyn        0x080026f0        0x0
 .rel.iplt      0x080026f0        0x0 ./system/src/stm32f4-hal/stm32f4xx_hal.o

.ARM.extab
 *(.ARM.extab* .gnu.linkonce.armextab.*)
                0x080026f0                . = ALIGN (0x4)
                0x080026f0                __exidx_start = .

.ARM.exidx
 *(.ARM.exidx* .gnu.linkonce.armexidx.*)
                0x080026f0                __exidx_end = .
                0x080026f0                . = ALIGN (0x4)
                0x080026f0                _etext = .
                0x080026f0                __etext = .

.data_CCMRAM    0x10000000        0x0 load address 0x080026f0
 FILL mask 0xff
 *(.data.CCMRAM .data.CCMRAM.*)
                0x10000000                . = ALIGN (0x4)
                0x080026f0                _sidata = LOADADDR (.data)

.data           0x20000000       0x78 load address 0x080026f0
 FILL mask 0xff
                0x20000000                _sdata = .
                0x20000000                __data_start__ = .
 *(.data_begin .data_begin.*)
 .data_begin    0x20000000        0x4 ./system/src/newlib/_startup.o
 *(.data .data.*)
 .data.argv.4310
                0x20000004        0x8 ./system/src/newlib/_syscalls.o
 .data.SystemCoreClock
                0x2000000c        0x4 ./system/src/cmsis/system_stm32f4xx.o
                0x2000000c                SystemCoreClock
 .data._impure_ptr
                0x20000010        0x4 e:/imt/imt_sdk_win_64/winarm/armgcc/bin/../lib/gcc/arm-none-eabi/7.2.1/../../../../arm-none-eabi/lib/thumb/v7e-m\libg_nano.a(lib_a-impure.o)
                0x20000010                _impure_ptr
 .data.impure_data
                0x20000014       0x60 e:/imt/imt_sdk_win_64/winarm/armgcc/bin/../lib/gcc/arm-none-eabi/7.2.1/../../../../arm-none-eabi/lib/thumb/v7e-m\libg_nano.a(lib_a-impure.o)
 *(.data_end .data_end.*)
 .data_end      0x20000074        0x4 ./system/src/newlib/_startup.o
                0x20000078                . = ALIGN (0x4)
                0x20000078                _edata = .
                0x20000078                __data_end__ = .

.igot.plt       0x20000078        0x0 load address 0x08002768
 .igot.plt      0x20000078        0x0 ./system/src/stm32f4-hal/stm32f4xx_hal.o

.bss_CCMRAM     0x10000000        0x0
 *(.bss.CCMRAM .bss.CCMRAM.*)

.bss            0x20000078       0xb0
                0x20000078                __bss_start__ = .
                0x20000078                _sbss = .
 *(.bss_begin .bss_begin.*)
 .bss_begin     0x20000078        0x4 ./system/src/newlib/_startup.o
 *(.bss .bss.*)
 .bss.current_heap_end.3961
                0x2000007c        0x4 ./system/src/newlib/_sbrk.o
 .bss.name.4309
                0x20000080        0x1 ./system/src/newlib/_syscalls.o
 *fill*         0x20000081        0x3 
 .bss.buf.5205  0x20000084       0x80 ./system/src/diag/Trace.o
 .bss.lights_indicator.3840
                0x20000104        0x1 ./src/ASystem_Init.o
 *fill*         0x20000105        0x3 
 .bss.EXTI0_CallBack
                0x20000108        0x4 ./src/MEXTI_Program.o
 .bss.EXTI1_CallBack
                0x2000010c        0x4 ./src/MEXTI_Program.o
 .bss.MUSART_CALLPTR
                0x20000110        0x4 ./src/MUSART_Program.o
 .bss.__malloc_free_list
                0x20000114        0x4 e:/imt/imt_sdk_win_64/winarm/armgcc/bin/../lib/gcc/arm-none-eabi/7.2.1/../../../../arm-none-eabi/lib/thumb/v7e-m\libg_nano.a(lib_a-nano-mallocr.o)
                0x20000114                __malloc_free_list
 .bss.__malloc_sbrk_start
                0x20000118        0x4 e:/imt/imt_sdk_win_64/winarm/armgcc/bin/../lib/gcc/arm-none-eabi/7.2.1/../../../../arm-none-eabi/lib/thumb/v7e-m\libg_nano.a(lib_a-nano-mallocr.o)
                0x20000118                __malloc_sbrk_start
 *(COMMON)
 COMMON         0x2000011c        0x4 ./system/src/stm32f4-hal/stm32f4xx_hal.o
                0x2000011c                uwTick
 COMMON         0x20000120        0x4 ./system/src/newlib/_syscalls.o
                0x20000120                errno
 *(.bss_end .bss_end.*)
 .bss_end       0x20000124        0x4 ./system/src/newlib/_startup.o
                0x20000128                . = ALIGN (0x4)
                0x20000128                __bss_end__ = .
                0x20000128                _ebss = .

.noinit_CCMRAM
 *(.noinit.CCMRAM .noinit.CCMRAM.*)

.noinit         0x20000128        0x0
                0x20000128                _noinit = .
 *(.noinit .noinit.*)
                0x20000128                . = ALIGN (0x4)
                0x20000128                _end_noinit = .
                [!provide]                PROVIDE (end, _end_noinit)
                [!provide]                PROVIDE (_end, _end_noinit)
                [!provide]                PROVIDE (__end, _end_noinit)
                [!provide]                PROVIDE (__end__, _end_noinit)

._check_stack   0x20000128      0x100
                0x20000228                . = (. + _Minimum_Stack_Size)
 *fill*         0x20000128      0x100 

.b1text
 *(.b1text)
 *(.b1rodata)
 *(.b1rodata.*)

.eb0text
 *(.eb0text)
 *(.eb0rodata)
 *(.eb0rodata.*)

.eb1text
 *(.eb1text)
 *(.eb1rodata)
 *(.eb1rodata.*)

.eb2text
 *(.eb2text)
 *(.eb2rodata)
 *(.eb2rodata.*)

.eb3text
 *(.eb3text)
 *(.eb3rodata)
 *(.eb3rodata.*)

.stab
 *(.stab)

.stabstr
 *(.stabstr)

.stab.excl
 *(.stab.excl)

.stab.exclstr
 *(.stab.exclstr)

.stab.index
 *(.stab.index)

.stab.indexstr
 *(.stab.indexstr)

.comment        0x00000000       0x7e
 *(.comment)
 .comment       0x00000000       0x7e ./system/src/stm32f4-hal/stm32f4xx_hal.o
                                 0x7f (size before relaxing)
 .comment       0x0000007e       0x7f ./system/src/stm32f4-hal/stm32f4xx_hal_cortex.o
 .comment       0x0000007e       0x7f ./system/src/stm32f4-hal/stm32f4xx_hal_rcc.o
 .comment       0x0000007e       0x7f ./system/src/newlib/_exit.o
 .comment       0x0000007e       0x7f ./system/src/newlib/_sbrk.o
 .comment       0x0000007e       0x7f ./system/src/newlib/_startup.o
 .comment       0x0000007e       0x7f ./system/src/newlib/_syscalls.o
 .comment       0x0000007e       0x7f ./system/src/newlib/assert.o
 .comment       0x0000007e       0x7f ./system/src/diag/Trace.o
 .comment       0x0000007e       0x7f ./system/src/diag/trace_impl.o
 .comment       0x0000007e       0x7f ./system/src/cortexm/_initialize_hardware.o
 .comment       0x0000007e       0x7f ./system/src/cortexm/exception_handlers.o
 .comment       0x0000007e       0x7f ./system/src/cmsis/system_stm32f4xx.o
 .comment       0x0000007e       0x7f ./system/src/cmsis/vectors_stm32f401xc.o
 .comment       0x0000007e       0x7f ./src/ASystem_Init.o
 .comment       0x0000007e       0x7f ./src/HMotor_Program.o
 .comment       0x0000007e       0x7f ./src/LCD_src.o
 .comment       0x0000007e       0x7f ./src/MEXTI_Program.o
 .comment       0x0000007e       0x7f ./src/MGPIO_Program.o
 .comment       0x0000007e       0x7f ./src/MNVIC_Program.o
 .comment       0x0000007e       0x7f ./src/MRCC_Program.o
 .comment       0x0000007e       0x7f ./src/MSTK_Program.o
 .comment       0x0000007e       0x7f ./src/MUSART_Program.o
 .comment       0x0000007e       0x7f ./src/_initialize_hardware.o
 .comment       0x0000007e       0x7f ./src/main.o
 .comment       0x0000007e       0x7f ./src/stm32f4xx_hal_msp.o

.ARM.attributes
                0x00000000       0x31
 .ARM.attributes
                0x00000000       0x33 ./system/src/stm32f4-hal/stm32f4xx_hal.o
 .ARM.attributes
                0x00000033       0x33 ./system/src/stm32f4-hal/stm32f4xx_hal_cortex.o
 .ARM.attributes
                0x00000066       0x33 ./system/src/stm32f4-hal/stm32f4xx_hal_rcc.o
 .ARM.attributes
                0x00000099       0x33 ./system/src/newlib/_exit.o
 .ARM.attributes
                0x000000cc       0x33 ./system/src/newlib/_sbrk.o
 .ARM.attributes
                0x000000ff       0x33 ./system/src/newlib/_startup.o
 .ARM.attributes
                0x00000132       0x33 ./system/src/newlib/_syscalls.o
 .ARM.attributes
                0x00000165       0x33 ./system/src/newlib/assert.o
 .ARM.attributes
                0x00000198       0x33 ./system/src/diag/Trace.o
 .ARM.attributes
                0x000001cb       0x33 ./system/src/diag/trace_impl.o
 .ARM.attributes
                0x000001fe       0x33 ./system/src/cortexm/_initialize_hardware.o
 .ARM.attributes
                0x00000231       0x33 ./system/src/cortexm/exception_handlers.o
 .ARM.attributes
                0x00000264       0x33 ./system/src/cmsis/system_stm32f4xx.o
 .ARM.attributes
                0x00000297       0x33 ./system/src/cmsis/vectors_stm32f401xc.o
 .ARM.attributes
                0x000002ca       0x33 ./src/ASystem_Init.o
 .ARM.attributes
                0x000002fd       0x33 ./src/HMotor_Program.o
 .ARM.attributes
                0x00000330       0x33 ./src/LCD_src.o
 .ARM.attributes
                0x00000363       0x33 ./src/MEXTI_Program.o
 .ARM.attributes
                0x00000396       0x33 ./src/MGPIO_Program.o
 .ARM.attributes
                0x000003c9       0x33 ./src/MNVIC_Program.o
 .ARM.attributes
                0x000003fc       0x33 ./src/MRCC_Program.o
 .ARM.attributes
                0x0000042f       0x33 ./src/MSTK_Program.o
 .ARM.attributes
                0x00000462       0x33 ./src/MUSART_Program.o
 .ARM.attributes
                0x00000495       0x33 ./src/_initialize_hardware.o
 .ARM.attributes
                0x000004c8       0x33 ./src/main.o
 .ARM.attributes
                0x000004fb       0x33 ./src/stm32f4xx_hal_msp.o
 .ARM.attributes
                0x0000052e       0x2e e:/imt/imt_sdk_win_64/winarm/armgcc/bin/../lib/gcc/arm-none-eabi/7.2.1/../../../../arm-none-eabi/lib/thumb/v7e-m\libg_nano.a(lib_a-errno.o)
 .ARM.attributes
                0x0000055c       0x2e e:/imt/imt_sdk_win_64/winarm/armgcc/bin/../lib/gcc/arm-none-eabi/7.2.1/../../../../arm-none-eabi/lib/thumb/v7e-m\libg_nano.a(lib_a-impure.o)
 .ARM.attributes
                0x0000058a       0x17 e:/imt/imt_sdk_win_64/winarm/armgcc/bin/../lib/gcc/arm-none-eabi/7.2.1/../../../../arm-none-eabi/lib/thumb/v7e-m\libg_nano.a(lib_a-strlen.o)
 .ARM.attributes
                0x000005a1       0x2e e:/imt/imt_sdk_win_64/winarm/armgcc/bin/../lib/gcc/arm-none-eabi/7.2.1/../../../../arm-none-eabi/lib/thumb/v7e-m\libg_nano.a(lib_a-vsnprintf.o)
 .ARM.attributes
                0x000005cf       0x2e e:/imt/imt_sdk_win_64/winarm/armgcc/bin/../lib/gcc/arm-none-eabi/7.2.1/../../../../arm-none-eabi/lib/thumb/v7e-m\libg_nano.a(lib_a-nano-svfprintf.o)
 .ARM.attributes
                0x000005fd       0x2e e:/imt/imt_sdk_win_64/winarm/armgcc/bin/../lib/gcc/arm-none-eabi/7.2.1/../../../../arm-none-eabi/lib/thumb/v7e-m\libg_nano.a(lib_a-nano-vfprintf_i.o)
 .ARM.attributes
                0x0000062b       0x1c e:/imt/imt_sdk_win_64/winarm/armgcc/bin/../lib/gcc/arm-none-eabi/7.2.1/../../../../arm-none-eabi/lib/thumb/v7e-m\libg_nano.a(lib_a-memchr.o)
 .ARM.attributes
                0x00000647       0x2e e:/imt/imt_sdk_win_64/winarm/armgcc/bin/../lib/gcc/arm-none-eabi/7.2.1/../../../../arm-none-eabi/lib/thumb/v7e-m\libg_nano.a(lib_a-memcpy-stub.o)
 .ARM.attributes
                0x00000675       0x2e e:/imt/imt_sdk_win_64/winarm/armgcc/bin/../lib/gcc/arm-none-eabi/7.2.1/../../../../arm-none-eabi/lib/thumb/v7e-m\libg_nano.a(lib_a-memmove.o)
 .ARM.attributes
                0x000006a3       0x2e e:/imt/imt_sdk_win_64/winarm/armgcc/bin/../lib/gcc/arm-none-eabi/7.2.1/../../../../arm-none-eabi/lib/thumb/v7e-m\libg_nano.a(lib_a-nano-freer.o)
 .ARM.attributes
                0x000006d1       0x2e e:/imt/imt_sdk_win_64/winarm/armgcc/bin/../lib/gcc/arm-none-eabi/7.2.1/../../../../arm-none-eabi/lib/thumb/v7e-m\libg_nano.a(lib_a-nano-mallocr.o)
 .ARM.attributes
                0x000006ff       0x2e e:/imt/imt_sdk_win_64/winarm/armgcc/bin/../lib/gcc/arm-none-eabi/7.2.1/../../../../arm-none-eabi/lib/thumb/v7e-m\libg_nano.a(lib_a-nano-reallocr.o)
 .ARM.attributes
                0x0000072d       0x2e e:/imt/imt_sdk_win_64/winarm/armgcc/bin/../lib/gcc/arm-none-eabi/7.2.1/../../../../arm-none-eabi/lib/thumb/v7e-m\libg_nano.a(lib_a-sbrkr.o)
 .ARM.attributes
                0x0000075b       0x2e e:/imt/imt_sdk_win_64/winarm/armgcc/bin/../lib/gcc/arm-none-eabi/7.2.1/../../../../arm-none-eabi/lib/thumb/v7e-m\libg_nano.a(lib_a-mlock.o)
 .ARM.attributes
                0x00000789       0x2e e:/imt/imt_sdk_win_64/winarm/armgcc/bin/../lib/gcc/arm-none-eabi/7.2.1/../../../../arm-none-eabi/lib/thumb/v7e-m\libg_nano.a(lib_a-nano-msizer.o)

.debug
 *(.debug)

.line
 *(.line)

.debug_srcinfo
 *(.debug_srcinfo)

.debug_sfnames
 *(.debug_sfnames)

.debug_aranges  0x00000000      0x768
 *(.debug_aranges)
 .debug_aranges
                0x00000000       0xc0 ./system/src/stm32f4-hal/stm32f4xx_hal.o
 .debug_aranges
                0x000000c0       0x98 ./system/src/stm32f4-hal/stm32f4xx_hal_cortex.o
 .debug_aranges
                0x00000158       0x88 ./system/src/stm32f4-hal/stm32f4xx_hal_rcc.o
 .debug_aranges
                0x000001e0       0x28 ./system/src/newlib/_exit.o
 .debug_aranges
                0x00000208       0x20 ./system/src/newlib/_sbrk.o
 .debug_aranges
                0x00000228       0x40 ./system/src/newlib/_startup.o
 .debug_aranges
                0x00000268       0x30 ./system/src/newlib/_syscalls.o
 .debug_aranges
                0x00000298       0x28 ./system/src/newlib/assert.o
 .debug_aranges
                0x000002c0       0x38 ./system/src/diag/Trace.o
 .debug_aranges
                0x000002f8       0x30 ./system/src/diag/trace_impl.o
 .debug_aranges
                0x00000328       0x28 ./system/src/cortexm/_initialize_hardware.o
 .debug_aranges
                0x00000350       0x90 ./system/src/cortexm/exception_handlers.o
 .debug_aranges
                0x000003e0       0x28 ./system/src/cmsis/system_stm32f4xx.o
 .debug_aranges
                0x00000408       0x20 ./system/src/cmsis/vectors_stm32f401xc.o
 .debug_aranges
                0x00000428       0x60 ./src/ASystem_Init.o
 .debug_aranges
                0x00000488       0x28 ./src/HMotor_Program.o
 .debug_aranges
                0x000004b0       0x68 ./src/LCD_src.o
 .debug_aranges
                0x00000518       0x60 ./src/MEXTI_Program.o
 .debug_aranges
                0x00000578       0x58 ./src/MGPIO_Program.o
 .debug_aranges
                0x000005d0       0x50 ./src/MNVIC_Program.o
 .debug_aranges
                0x00000620       0x30 ./src/MRCC_Program.o
 .debug_aranges
                0x00000650       0x48 ./src/MSTK_Program.o
 .debug_aranges
                0x00000698       0x50 ./src/MUSART_Program.o
 .debug_aranges
                0x000006e8       0x28 ./src/_initialize_hardware.o
 .debug_aranges
                0x00000710       0x20 ./src/main.o
 .debug_aranges
                0x00000730       0x38 ./src/stm32f4xx_hal_msp.o

.debug_pubnames
 *(.debug_pubnames)

.debug_info     0x00000000     0xe941
 *(.debug_info .gnu.linkonce.wi.*)
 .debug_info    0x00000000     0x107e ./system/src/stm32f4-hal/stm32f4xx_hal.o
 .debug_info    0x0000107e     0x1863 ./system/src/stm32f4-hal/stm32f4xx_hal_cortex.o
 .debug_info    0x000028e1     0x177e ./system/src/stm32f4-hal/stm32f4xx_hal_rcc.o
 .debug_info    0x0000405f      0x956 ./system/src/newlib/_exit.o
 .debug_info    0x000049b5      0x942 ./system/src/newlib/_sbrk.o
 .debug_info    0x000052f7      0x4bf ./system/src/newlib/_startup.o
 .debug_info    0x000057b6      0xa19 ./system/src/newlib/_syscalls.o
 .debug_info    0x000061cf      0x9ff ./system/src/newlib/assert.o
 .debug_info    0x00006bce      0xb2a ./system/src/diag/Trace.o
 .debug_info    0x000076f8      0xb6b ./system/src/diag/trace_impl.o
 .debug_info    0x00008263      0xade ./system/src/cortexm/_initialize_hardware.o
 .debug_info    0x00008d41     0x115a ./system/src/cortexm/exception_handlers.o
 .debug_info    0x00009e9b      0xcfe ./system/src/cmsis/system_stm32f4xx.o
 .debug_info    0x0000ab99       0xca ./system/src/cmsis/vectors_stm32f401xc.o
 .debug_info    0x0000ac63      0x897 ./src/ASystem_Init.o
 .debug_info    0x0000b4fa      0x2a6 ./src/HMotor_Program.o
 .debug_info    0x0000b7a0      0xa82 ./src/LCD_src.o
 .debug_info    0x0000c222      0x30b ./src/MEXTI_Program.o
 .debug_info    0x0000c52d      0x38b ./src/MGPIO_Program.o
 .debug_info    0x0000c8b8      0x334 ./src/MNVIC_Program.o
 .debug_info    0x0000cbec      0x11a ./src/MRCC_Program.o
 .debug_info    0x0000cd06      0x1f7 ./src/MSTK_Program.o
 .debug_info    0x0000cefd      0x302 ./src/MUSART_Program.o
 .debug_info    0x0000d1ff      0xd34 ./src/_initialize_hardware.o
 .debug_info    0x0000df33       0xff ./src/main.o
 .debug_info    0x0000e032      0x90f ./src/stm32f4xx_hal_msp.o

.debug_abbrev   0x00000000     0x2f2b
 *(.debug_abbrev)
 .debug_abbrev  0x00000000      0x32b ./system/src/stm32f4-hal/stm32f4xx_hal.o
 .debug_abbrev  0x0000032b      0x3f1 ./system/src/stm32f4-hal/stm32f4xx_hal_cortex.o
 .debug_abbrev  0x0000071c      0x394 ./system/src/stm32f4-hal/stm32f4xx_hal_rcc.o
 .debug_abbrev  0x00000ab0      0x1f3 ./system/src/newlib/_exit.o
 .debug_abbrev  0x00000ca3      0x1fc ./system/src/newlib/_sbrk.o
 .debug_abbrev  0x00000e9f      0x1cb ./system/src/newlib/_startup.o
 .debug_abbrev  0x0000106a      0x234 ./system/src/newlib/_syscalls.o
 .debug_abbrev  0x0000129e      0x1f3 ./system/src/newlib/assert.o
 .debug_abbrev  0x00001491      0x276 ./system/src/diag/Trace.o
 .debug_abbrev  0x00001707      0x2ef ./system/src/diag/trace_impl.o
 .debug_abbrev  0x000019f6      0x1de ./system/src/cortexm/_initialize_hardware.o
 .debug_abbrev  0x00001bd4      0x32b ./system/src/cortexm/exception_handlers.o
 .debug_abbrev  0x00001eff      0x216 ./system/src/cmsis/system_stm32f4xx.o
 .debug_abbrev  0x00002115       0x9d ./system/src/cmsis/vectors_stm32f401xc.o
 .debug_abbrev  0x000021b2       0xcf ./src/ASystem_Init.o
 .debug_abbrev  0x00002281       0xb2 ./src/HMotor_Program.o
 .debug_abbrev  0x00002333      0x160 ./src/LCD_src.o
 .debug_abbrev  0x00002493      0x148 ./src/MEXTI_Program.o
 .debug_abbrev  0x000025db       0xeb ./src/MGPIO_Program.o
 .debug_abbrev  0x000026c6      0x14d ./src/MNVIC_Program.o
 .debug_abbrev  0x00002813       0xaf ./src/MRCC_Program.o
 .debug_abbrev  0x000028c2       0xfc ./src/MSTK_Program.o
 .debug_abbrev  0x000029be      0x137 ./src/MUSART_Program.o
 .debug_abbrev  0x00002af5      0x22d ./src/_initialize_hardware.o
 .debug_abbrev  0x00002d22       0x58 ./src/main.o
 .debug_abbrev  0x00002d7a      0x1b1 ./src/stm32f4xx_hal_msp.o

.debug_line     0x00000000     0x8abf
 *(.debug_line)
 .debug_line    0x00000000      0xbb0 ./system/src/stm32f4-hal/stm32f4xx_hal.o
 .debug_line    0x00000bb0      0xca7 ./system/src/stm32f4-hal/stm32f4xx_hal_cortex.o
 .debug_line    0x00001857      0xe32 ./system/src/stm32f4-hal/stm32f4xx_hal_rcc.o
 .debug_line    0x00002689      0x373 ./system/src/newlib/_exit.o
 .debug_line    0x000029fc      0x327 ./system/src/newlib/_sbrk.o
 .debug_line    0x00002d23      0x3ef ./system/src/newlib/_startup.o
 .debug_line    0x00003112      0x446 ./system/src/newlib/_syscalls.o
 .debug_line    0x00003558      0x3ae ./system/src/newlib/assert.o
 .debug_line    0x00003906      0x3ef ./system/src/diag/Trace.o
 .debug_line    0x00003cf5      0xae3 ./system/src/diag/trace_impl.o
 .debug_line    0x000047d8      0xa4c ./system/src/cortexm/_initialize_hardware.o
 .debug_line    0x00005224      0xb9a ./system/src/cortexm/exception_handlers.o
 .debug_line    0x00005dbe      0xa52 ./system/src/cmsis/system_stm32f4xx.o
 .debug_line    0x00006810      0x10b ./system/src/cmsis/vectors_stm32f401xc.o
 .debug_line    0x0000691b      0x1f4 ./src/ASystem_Init.o
 .debug_line    0x00006b0f       0xe8 ./src/HMotor_Program.o
 .debug_line    0x00006bf7      0x21d ./src/LCD_src.o
 .debug_line    0x00006e14      0x163 ./src/MEXTI_Program.o
 .debug_line    0x00006f77      0x1f7 ./src/MGPIO_Program.o
 .debug_line    0x0000716e      0x124 ./src/MNVIC_Program.o
 .debug_line    0x00007292       0xd7 ./src/MRCC_Program.o
 .debug_line    0x00007369      0x117 ./src/MSTK_Program.o
 .debug_line    0x00007480      0x147 ./src/MUSART_Program.o
 .debug_line    0x000075c7      0xa45 ./src/_initialize_hardware.o
 .debug_line    0x0000800c       0x6d ./src/main.o
 .debug_line    0x00008079      0xa46 ./src/stm32f4xx_hal_msp.o

.debug_frame    0x00000000     0x11d8
 *(.debug_frame)
 .debug_frame   0x00000000      0x188 ./system/src/stm32f4-hal/stm32f4xx_hal.o
 .debug_frame   0x00000188      0x17c ./system/src/stm32f4-hal/stm32f4xx_hal_cortex.o
 .debug_frame   0x00000304      0x140 ./system/src/stm32f4-hal/stm32f4xx_hal_rcc.o
 .debug_frame   0x00000444       0x38 ./system/src/newlib/_exit.o
 .debug_frame   0x0000047c       0x28 ./system/src/newlib/_sbrk.o
 .debug_frame   0x000004a4       0x7c ./system/src/newlib/_startup.o
 .debug_frame   0x00000520       0x50 ./system/src/newlib/_syscalls.o
 .debug_frame   0x00000570       0x40 ./system/src/newlib/assert.o
 .debug_frame   0x000005b0       0x94 ./system/src/diag/Trace.o
 .debug_frame   0x00000644       0x64 ./system/src/diag/trace_impl.o
 .debug_frame   0x000006a8       0x40 ./system/src/cortexm/_initialize_hardware.o
 .debug_frame   0x000006e8      0x158 ./system/src/cortexm/exception_handlers.o
 .debug_frame   0x00000840       0x30 ./system/src/cmsis/system_stm32f4xx.o
 .debug_frame   0x00000870       0x20 ./system/src/cmsis/vectors_stm32f401xc.o
 .debug_frame   0x00000890       0xfc ./src/ASystem_Init.o
 .debug_frame   0x0000098c       0x40 ./src/HMotor_Program.o
 .debug_frame   0x000009cc      0x114 ./src/LCD_src.o
 .debug_frame   0x00000ae0       0xb0 ./src/MEXTI_Program.o
 .debug_frame   0x00000b90       0xdc ./src/MGPIO_Program.o
 .debug_frame   0x00000c6c       0x88 ./src/MNVIC_Program.o
 .debug_frame   0x00000cf4       0x40 ./src/MRCC_Program.o
 .debug_frame   0x00000d34       0x84 ./src/MSTK_Program.o
 .debug_frame   0x00000db8       0x94 ./src/MUSART_Program.o
 .debug_frame   0x00000e4c       0x4c ./src/_initialize_hardware.o
 .debug_frame   0x00000e98       0x28 ./src/main.o
 .debug_frame   0x00000ec0       0x50 ./src/stm32f4xx_hal_msp.o
 .debug_frame   0x00000f10       0x20 e:/imt/imt_sdk_win_64/winarm/armgcc/bin/../lib/gcc/arm-none-eabi/7.2.1/../../../../arm-none-eabi/lib/thumb/v7e-m\libg_nano.a(lib_a-errno.o)
 .debug_frame   0x00000f30       0x4c e:/imt/imt_sdk_win_64/winarm/armgcc/bin/../lib/gcc/arm-none-eabi/7.2.1/../../../../arm-none-eabi/lib/thumb/v7e-m\libg_nano.a(lib_a-vsnprintf.o)
 .debug_frame   0x00000f7c       0x90 e:/imt/imt_sdk_win_64/winarm/armgcc/bin/../lib/gcc/arm-none-eabi/7.2.1/../../../../arm-none-eabi/lib/thumb/v7e-m\libg_nano.a(lib_a-nano-svfprintf.o)
 .debug_frame   0x0000100c       0x60 e:/imt/imt_sdk_win_64/winarm/armgcc/bin/../lib/gcc/arm-none-eabi/7.2.1/../../../../arm-none-eabi/lib/thumb/v7e-m\libg_nano.a(lib_a-nano-vfprintf_i.o)
 .debug_frame   0x0000106c       0x28 e:/imt/imt_sdk_win_64/winarm/armgcc/bin/../lib/gcc/arm-none-eabi/7.2.1/../../../../arm-none-eabi/lib/thumb/v7e-m\libg_nano.a(lib_a-memcpy-stub.o)
 .debug_frame   0x00001094       0x28 e:/imt/imt_sdk_win_64/winarm/armgcc/bin/../lib/gcc/arm-none-eabi/7.2.1/../../../../arm-none-eabi/lib/thumb/v7e-m\libg_nano.a(lib_a-memmove.o)
 .debug_frame   0x000010bc       0x38 e:/imt/imt_sdk_win_64/winarm/armgcc/bin/../lib/gcc/arm-none-eabi/7.2.1/../../../../arm-none-eabi/lib/thumb/v7e-m\libg_nano.a(lib_a-nano-freer.o)
 .debug_frame   0x000010f4       0x2c e:/imt/imt_sdk_win_64/winarm/armgcc/bin/../lib/gcc/arm-none-eabi/7.2.1/../../../../arm-none-eabi/lib/thumb/v7e-m\libg_nano.a(lib_a-nano-mallocr.o)
 .debug_frame   0x00001120       0x3c e:/imt/imt_sdk_win_64/winarm/armgcc/bin/../lib/gcc/arm-none-eabi/7.2.1/../../../../arm-none-eabi/lib/thumb/v7e-m\libg_nano.a(lib_a-nano-reallocr.o)
 .debug_frame   0x0000115c       0x2c e:/imt/imt_sdk_win_64/winarm/armgcc/bin/../lib/gcc/arm-none-eabi/7.2.1/../../../../arm-none-eabi/lib/thumb/v7e-m\libg_nano.a(lib_a-sbrkr.o)
 .debug_frame   0x00001188       0x30 e:/imt/imt_sdk_win_64/winarm/armgcc/bin/../lib/gcc/arm-none-eabi/7.2.1/../../../../arm-none-eabi/lib/thumb/v7e-m\libg_nano.a(lib_a-mlock.o)
 .debug_frame   0x000011b8       0x20 e:/imt/imt_sdk_win_64/winarm/armgcc/bin/../lib/gcc/arm-none-eabi/7.2.1/../../../../arm-none-eabi/lib/thumb/v7e-m\libg_nano.a(lib_a-nano-msizer.o)

.debug_str      0x00000000    0x753ac
 *(.debug_str)
 .debug_str     0x00000000    0x6fc6a ./system/src/stm32f4-hal/stm32f4xx_hal.o
                              0x7009e (size before relaxing)
 .debug_str     0x0006fc6a      0x396 ./system/src/stm32f4-hal/stm32f4xx_hal_cortex.o
                              0x6ff08 (size before relaxing)
 .debug_str     0x00070000      0x3fa ./system/src/stm32f4-hal/stm32f4xx_hal_rcc.o
                              0x6fc20 (size before relaxing)
 .debug_str     0x000703fa     0x10ff ./system/src/newlib/_exit.o
                               0x7eff (size before relaxing)
 .debug_str     0x000714f9      0x4f5 ./system/src/newlib/_sbrk.o
                               0x72b1 (size before relaxing)
 .debug_str     0x000719ee      0x2c6 ./system/src/newlib/_startup.o
                               0x6a52 (size before relaxing)
 .debug_str     0x00071cb4      0xe8b ./system/src/newlib/_syscalls.o
                               0x818c (size before relaxing)
 .debug_str     0x00072b3f       0xd0 ./system/src/newlib/assert.o
                               0x8a04 (size before relaxing)
 .debug_str     0x00072c0f      0x176 ./system/src/diag/Trace.o
                               0x8677 (size before relaxing)
 .debug_str     0x00072d85      0x37b ./system/src/diag/trace_impl.o
                              0x7099d (size before relaxing)
 .debug_str     0x00073100       0x5e ./system/src/cortexm/_initialize_hardware.o
                              0x6f72f (size before relaxing)
 .debug_str     0x0007315e      0x19d ./system/src/cortexm/exception_handlers.o
                              0x70b27 (size before relaxing)
 .debug_str     0x000732fb       0x46 ./system/src/cmsis/system_stm32f4xx.o
                              0x6f810 (size before relaxing)
 .debug_str     0x00073341       0x59 ./system/src/cmsis/vectors_stm32f401xc.o
                               0x388f (size before relaxing)
 .debug_str     0x0007339a      0xb62 ./src/ASystem_Init.o
                               0x38e1 (size before relaxing)
 .debug_str     0x00073efc       0x9c ./src/HMotor_Program.o
                               0x3594 (size before relaxing)
 .debug_str     0x00073f98      0x652 ./src/LCD_src.o
                               0x3c10 (size before relaxing)
 .debug_str     0x000745ea      0x23c ./src/MEXTI_Program.o
                               0x3318 (size before relaxing)
 .debug_str     0x00074826      0x20a ./src/MGPIO_Program.o
                               0x363f (size before relaxing)
 .debug_str     0x00074a30      0x262 ./src/MNVIC_Program.o
                               0x3214 (size before relaxing)
 .debug_str     0x00074c92      0x442 ./src/MRCC_Program.o
                               0x3471 (size before relaxing)
 .debug_str     0x000750d4      0x108 ./src/MSTK_Program.o
                               0x30a1 (size before relaxing)
 .debug_str     0x000751dc      0x154 ./src/MUSART_Program.o
                               0x30e2 (size before relaxing)
 .debug_str     0x00075330       0x31 ./src/_initialize_hardware.o
                              0x6f926 (size before relaxing)
 .debug_str     0x00075361        0xe ./src/main.o
                               0x2dc7 (size before relaxing)
 .debug_str     0x0007536f       0x3d ./src/stm32f4xx_hal_msp.o
                              0x6f677 (size before relaxing)

.debug_loc      0x00000000     0x2ae6
 *(.debug_loc)
 .debug_loc     0x00000000       0x92 ./system/src/stm32f4-hal/stm32f4xx_hal.o
 .debug_loc     0x00000092      0x73b ./system/src/stm32f4-hal/stm32f4xx_hal_cortex.o
 .debug_loc     0x000007cd      0x50a ./system/src/stm32f4-hal/stm32f4xx_hal_rcc.o
 .debug_loc     0x00000cd7       0x85 ./system/src/newlib/_sbrk.o
 .debug_loc     0x00000d5c      0x2cb ./system/src/newlib/_startup.o
 .debug_loc     0x00001027       0x63 ./system/src/newlib/_syscalls.o
 .debug_loc     0x0000108a      0x134 ./system/src/newlib/assert.o
 .debug_loc     0x000011be       0xf6 ./system/src/diag/Trace.o
 .debug_loc     0x000012b4      0x121 ./system/src/diag/trace_impl.o
 .debug_loc     0x000013d5      0x291 ./system/src/cortexm/exception_handlers.o
 .debug_loc     0x00001666      0x13e ./system/src/cmsis/system_stm32f4xx.o
 .debug_loc     0x000017a4       0x21 ./src/HMotor_Program.o
 .debug_loc     0x000017c5      0x2f9 ./src/LCD_src.o
 .debug_loc     0x00001abe      0x175 ./src/MEXTI_Program.o
 .debug_loc     0x00001c33      0xa40 ./src/MGPIO_Program.o
 .debug_loc     0x00002673      0x207 ./src/MNVIC_Program.o
 .debug_loc     0x0000287a      0x1b0 ./src/MRCC_Program.o
 .debug_loc     0x00002a2a       0x68 ./src/MSTK_Program.o
 .debug_loc     0x00002a92       0x54 ./src/MUSART_Program.o

.debug_macinfo
 *(.debug_macinfo)

.debug_weaknames
 *(.debug_weaknames)

.debug_funcnames
 *(.debug_funcnames)

.debug_typenames
 *(.debug_typenames)

.debug_varnames
 *(.debug_varnames)
OUTPUT(ECU_1.elf elf32-littlearm)

.debug_ranges   0x00000000      0x6d0
 .debug_ranges  0x00000000       0xb0 ./system/src/stm32f4-hal/stm32f4xx_hal.o
 .debug_ranges  0x000000b0       0xe8 ./system/src/stm32f4-hal/stm32f4xx_hal_cortex.o
 .debug_ranges  0x00000198       0x78 ./system/src/stm32f4-hal/stm32f4xx_hal_rcc.o
 .debug_ranges  0x00000210       0x18 ./system/src/newlib/_exit.o
 .debug_ranges  0x00000228       0x10 ./system/src/newlib/_sbrk.o
 .debug_ranges  0x00000238       0x90 ./system/src/newlib/_startup.o
 .debug_ranges  0x000002c8       0x20 ./system/src/newlib/_syscalls.o
 .debug_ranges  0x000002e8       0x18 ./system/src/newlib/assert.o
 .debug_ranges  0x00000300       0x28 ./system/src/diag/Trace.o
 .debug_ranges  0x00000328       0x50 ./system/src/diag/trace_impl.o
 .debug_ranges  0x00000378       0x18 ./system/src/cortexm/_initialize_hardware.o
 .debug_ranges  0x00000390       0x80 ./system/src/cortexm/exception_handlers.o
 .debug_ranges  0x00000410       0x18 ./system/src/cmsis/system_stm32f4xx.o
 .debug_ranges  0x00000428       0x10 ./system/src/cmsis/vectors_stm32f401xc.o
 .debug_ranges  0x00000438       0x50 ./src/ASystem_Init.o
 .debug_ranges  0x00000488       0x18 ./src/HMotor_Program.o
 .debug_ranges  0x000004a0       0x58 ./src/LCD_src.o
 .debug_ranges  0x000004f8       0x50 ./src/MEXTI_Program.o
 .debug_ranges  0x00000548       0x48 ./src/MGPIO_Program.o
 .debug_ranges  0x00000590       0x40 ./src/MNVIC_Program.o
 .debug_ranges  0x000005d0       0x20 ./src/MRCC_Program.o
 .debug_ranges  0x000005f0       0x38 ./src/MSTK_Program.o
 .debug_ranges  0x00000628       0x58 ./src/MUSART_Program.o
 .debug_ranges  0x00000680       0x18 ./src/_initialize_hardware.o
 .debug_ranges  0x00000698       0x10 ./src/main.o
 .debug_ranges  0x000006a8       0x28 ./src/stm32f4xx_hal_msp.o

.debug_macro    0x00000000    0x15684
 .debug_macro   0x00000000      0x532 ./system/src/stm32f4-hal/stm32f4xx_hal.o
 .debug_macro   0x00000532      0xa6c ./system/src/stm32f4-hal/stm32f4xx_hal.o
 .debug_macro   0x00000f9e      0x289 ./system/src/stm32f4-hal/stm32f4xx_hal.o
 .debug_macro   0x00001227       0x31 ./system/src/stm32f4-hal/stm32f4xx_hal.o
 .debug_macro   0x00001258       0x28 ./system/src/stm32f4-hal/stm32f4xx_hal.o
 .debug_macro   0x00001280      0x34e ./system/src/stm32f4-hal/stm32f4xx_hal.o
 .debug_macro   0x000015ce       0x35 ./system/src/stm32f4-hal/stm32f4xx_hal.o
 .debug_macro   0x00001603       0x50 ./system/src/stm32f4-hal/stm32f4xx_hal.o
 .debug_macro   0x00001653      0xe66 ./system/src/stm32f4-hal/stm32f4xx_hal.o
 .debug_macro   0x000024b9     0x5099 ./system/src/stm32f4-hal/stm32f4xx_hal.o
 .debug_macro   0x00007552       0x43 ./system/src/stm32f4-hal/stm32f4xx_hal.o
 .debug_macro   0x00007595     0x347f ./system/src/stm32f4-hal/stm32f4xx_hal.o
 .debug_macro   0x0000aa14       0x22 ./system/src/stm32f4-hal/stm32f4xx_hal.o
 .debug_macro   0x0000aa36       0x52 ./system/src/stm32f4-hal/stm32f4xx_hal.o
 .debug_macro   0x0000aa88       0x17 ./system/src/stm32f4-hal/stm32f4xx_hal.o
 .debug_macro   0x0000aa9f       0x8d ./system/src/stm32f4-hal/stm32f4xx_hal.o
 .debug_macro   0x0000ab2c       0x35 ./system/src/stm32f4-hal/stm32f4xx_hal.o
 .debug_macro   0x0000ab61       0x9c ./system/src/stm32f4-hal/stm32f4xx_hal.o
 .debug_macro   0x0000abfd       0x16 ./system/src/stm32f4-hal/stm32f4xx_hal.o
 .debug_macro   0x0000ac13       0x57 ./system/src/stm32f4-hal/stm32f4xx_hal.o
 .debug_macro   0x0000ac6a       0x97 ./system/src/stm32f4-hal/stm32f4xx_hal.o
 .debug_macro   0x0000ad01      0x330 ./system/src/stm32f4-hal/stm32f4xx_hal.o
 .debug_macro   0x0000b031       0xfd ./system/src/stm32f4-hal/stm32f4xx_hal.o
 .debug_macro   0x0000b12e       0x10 ./system/src/stm32f4-hal/stm32f4xx_hal.o
 .debug_macro   0x0000b13e       0x58 ./system/src/stm32f4-hal/stm32f4xx_hal.o
 .debug_macro   0x0000b196       0x1f ./system/src/stm32f4-hal/stm32f4xx_hal.o
 .debug_macro   0x0000b1b5       0x43 ./system/src/stm32f4-hal/stm32f4xx_hal.o
 .debug_macro   0x0000b1f8       0x20 ./system/src/stm32f4-hal/stm32f4xx_hal.o
 .debug_macro   0x0000b218      0x18e ./system/src/stm32f4-hal/stm32f4xx_hal.o
 .debug_macro   0x0000b3a6       0x10 ./system/src/stm32f4-hal/stm32f4xx_hal.o
 .debug_macro   0x0000b3b6       0x6a ./system/src/stm32f4-hal/stm32f4xx_hal.o
 .debug_macro   0x0000b420       0x1c ./system/src/stm32f4-hal/stm32f4xx_hal.o
 .debug_macro   0x0000b43c       0x52 ./system/src/stm32f4-hal/stm32f4xx_hal.o
 .debug_macro   0x0000b48e       0x40 ./system/src/stm32f4-hal/stm32f4xx_hal.o
 .debug_macro   0x0000b4ce       0x10 ./system/src/stm32f4-hal/stm32f4xx_hal.o
 .debug_macro   0x0000b4de       0x40 ./system/src/stm32f4-hal/stm32f4xx_hal.o
 .debug_macro   0x0000b51e       0xd7 ./system/src/stm32f4-hal/stm32f4xx_hal.o
 .debug_macro   0x0000b5f5       0x1c ./system/src/stm32f4-hal/stm32f4xx_hal.o
 .debug_macro   0x0000b611       0x3d ./system/src/stm32f4-hal/stm32f4xx_hal.o
 .debug_macro   0x0000b64e       0x16 ./system/src/stm32f4-hal/stm32f4xx_hal.o
 .debug_macro   0x0000b664      0x16f ./system/src/stm32f4-hal/stm32f4xx_hal.o
 .debug_macro   0x0000b7d3       0x57 ./system/src/stm32f4-hal/stm32f4xx_hal.o
 .debug_macro   0x0000b82a      0x424 ./system/src/stm32f4-hal/stm32f4xx_hal.o
 .debug_macro   0x0000bc4e      0x9e1 ./system/src/stm32f4-hal/stm32f4xx_hal.o
 .debug_macro   0x0000c62f      0x11e ./system/src/stm32f4-hal/stm32f4xx_hal.o
 .debug_macro   0x0000c74d       0xf8 ./system/src/stm32f4-hal/stm32f4xx_hal.o
 .debug_macro   0x0000c845       0x27 ./system/src/stm32f4-hal/stm32f4xx_hal.o
 .debug_macro   0x0000c86c      0x287 ./system/src/stm32f4-hal/stm32f4xx_hal.o
 .debug_macro   0x0000caf3       0x5f ./system/src/stm32f4-hal/stm32f4xx_hal.o
 .debug_macro   0x0000cb52      0x23a ./system/src/stm32f4-hal/stm32f4xx_hal.o
 .debug_macro   0x0000cd8c      0x391 ./system/src/stm32f4-hal/stm32f4xx_hal.o
 .debug_macro   0x0000d11d      0x16f ./system/src/stm32f4-hal/stm32f4xx_hal.o
 .debug_macro   0x0000d28c       0xf9 ./system/src/stm32f4-hal/stm32f4xx_hal.o
 .debug_macro   0x0000d385       0x23 ./system/src/stm32f4-hal/stm32f4xx_hal.o
 .debug_macro   0x0000d3a8      0x13a ./system/src/stm32f4-hal/stm32f4xx_hal.o
 .debug_macro   0x0000d4e2      0x23a ./system/src/stm32f4-hal/stm32f4xx_hal.o
 .debug_macro   0x0000d71c       0x2e ./system/src/stm32f4-hal/stm32f4xx_hal.o
 .debug_macro   0x0000d74a      0x1a7 ./system/src/stm32f4-hal/stm32f4xx_hal.o
 .debug_macro   0x0000d8f1       0x22 ./system/src/stm32f4-hal/stm32f4xx_hal.o
 .debug_macro   0x0000d913       0xa5 ./system/src/stm32f4-hal/stm32f4xx_hal.o
 .debug_macro   0x0000d9b8      0x18b ./system/src/stm32f4-hal/stm32f4xx_hal.o
 .debug_macro   0x0000db43       0x24 ./system/src/stm32f4-hal/stm32f4xx_hal.o
 .debug_macro   0x0000db67       0x35 ./system/src/stm32f4-hal/stm32f4xx_hal.o
 .debug_macro   0x0000db9c       0x79 ./system/src/stm32f4-hal/stm32f4xx_hal.o
 .debug_macro   0x0000dc15      0x11e ./system/src/stm32f4-hal/stm32f4xx_hal.o
 .debug_macro   0x0000dd33       0x85 ./system/src/stm32f4-hal/stm32f4xx_hal.o
 .debug_macro   0x0000ddb8       0x89 ./system/src/stm32f4-hal/stm32f4xx_hal.o
 .debug_macro   0x0000de41      0x31a ./system/src/stm32f4-hal/stm32f4xx_hal.o
 .debug_macro   0x0000e15b      0x409 ./system/src/stm32f4-hal/stm32f4xx_hal.o
 .debug_macro   0x0000e564       0xe4 ./system/src/stm32f4-hal/stm32f4xx_hal.o
 .debug_macro   0x0000e648      0x48d ./system/src/stm32f4-hal/stm32f4xx_hal.o
 .debug_macro   0x0000ead5      0x22b ./system/src/stm32f4-hal/stm32f4xx_hal.o
 .debug_macro   0x0000ed00      0x202 ./system/src/stm32f4-hal/stm32f4xx_hal.o
 .debug_macro   0x0000ef02      0x6d9 ./system/src/stm32f4-hal/stm32f4xx_hal.o
 .debug_macro   0x0000f5db       0x5b ./system/src/stm32f4-hal/stm32f4xx_hal.o
 .debug_macro   0x0000f636      0x14d ./system/src/stm32f4-hal/stm32f4xx_hal.o
 .debug_macro   0x0000f783      0x287 ./system/src/stm32f4-hal/stm32f4xx_hal.o
 .debug_macro   0x0000fa0a      0x225 ./system/src/stm32f4-hal/stm32f4xx_hal.o
 .debug_macro   0x0000fc2f      0x1b5 ./system/src/stm32f4-hal/stm32f4xx_hal.o
 .debug_macro   0x0000fde4      0x2db ./system/src/stm32f4-hal/stm32f4xx_hal.o
 .debug_macro   0x000100bf       0x89 ./system/src/stm32f4-hal/stm32f4xx_hal.o
 .debug_macro   0x00010148      0x1df ./system/src/stm32f4-hal/stm32f4xx_hal.o
 .debug_macro   0x00010327      0x115 ./system/src/stm32f4-hal/stm32f4xx_hal.o
 .debug_macro   0x0001043c       0x6e ./system/src/stm32f4-hal/stm32f4xx_hal.o
 .debug_macro   0x000104aa      0x11e ./system/src/stm32f4-hal/stm32f4xx_hal.o
 .debug_macro   0x000105c8      0x4e4 ./system/src/stm32f4-hal/stm32f4xx_hal_cortex.o
 .debug_macro   0x00010aac      0x50e ./system/src/stm32f4-hal/stm32f4xx_hal_rcc.o
 .debug_macro   0x00010fba      0x1b4 ./system/src/newlib/_exit.o
 .debug_macro   0x0001116e      0x10e ./system/src/newlib/_exit.o
 .debug_macro   0x0001127c       0x8d ./system/src/newlib/_exit.o
 .debug_macro   0x00011309       0x35 ./system/src/newlib/_exit.o
 .debug_macro   0x0001133e      0x169 ./system/src/newlib/_sbrk.o
 .debug_macro   0x000114a7      0x174 ./system/src/newlib/_sbrk.o
 .debug_macro   0x0001161b       0x10 ./system/src/newlib/_sbrk.o
 .debug_macro   0x0001162b      0x23b ./system/src/newlib/_sbrk.o
 .debug_macro   0x00011866      0x173 ./system/src/newlib/_startup.o
 .debug_macro   0x000119d9      0xa72 ./system/src/newlib/_startup.o
 .debug_macro   0x0001244b      0x217 ./system/src/newlib/_syscalls.o
 .debug_macro   0x00012662       0x1c ./system/src/newlib/_syscalls.o
 .debug_macro   0x0001267e       0x10 ./system/src/newlib/_syscalls.o
 .debug_macro   0x0001268e       0x10 ./system/src/newlib/_syscalls.o
 .debug_macro   0x0001269e       0x10 ./system/src/newlib/_syscalls.o
 .debug_macro   0x000126ae       0x35 ./system/src/newlib/_syscalls.o
 .debug_macro   0x000126e3      0x122 ./system/src/newlib/_syscalls.o
 .debug_macro   0x00012805       0x88 ./system/src/newlib/_syscalls.o
 .debug_macro   0x0001288d       0x2b ./system/src/newlib/_syscalls.o
 .debug_macro   0x000128b8      0x118 ./system/src/newlib/_syscalls.o
 .debug_macro   0x000129d0      0x189 ./system/src/newlib/_syscalls.o
 .debug_macro   0x00012b59       0x16 ./system/src/newlib/_syscalls.o
 .debug_macro   0x00012b6f      0x1d0 ./system/src/newlib/assert.o
 .debug_macro   0x00012d3f       0x1c ./system/src/newlib/assert.o
 .debug_macro   0x00012d5b      0x1fb ./system/src/diag/Trace.o
 .debug_macro   0x00012f56       0x4c ./system/src/diag/Trace.o
 .debug_macro   0x00012fa2       0x16 ./system/src/diag/Trace.o
 .debug_macro   0x00012fb8      0x52a ./system/src/diag/trace_impl.o
 .debug_macro   0x000134e2       0x22 ./system/src/diag/trace_impl.o
 .debug_macro   0x00013504      0x4ee ./system/src/cortexm/_initialize_hardware.o
 .debug_macro   0x000139f2      0x557 ./system/src/cortexm/exception_handlers.o
 .debug_macro   0x00013f49       0x3b ./system/src/cortexm/exception_handlers.o
 .debug_macro   0x00013f84      0x4ea ./system/src/cmsis/system_stm32f4xx.o
 .debug_macro   0x0001446e       0x34 ./system/src/cmsis/vectors_stm32f401xc.o
 .debug_macro   0x000144a2       0x79 ./src/ASystem_Init.o
 .debug_macro   0x0001451b       0x1c ./src/ASystem_Init.o
 .debug_macro   0x00014537       0x34 ./src/ASystem_Init.o
 .debug_macro   0x0001456b       0x4c ./src/ASystem_Init.o
 .debug_macro   0x000145b7      0x14e ./src/ASystem_Init.o
 .debug_macro   0x00014705       0x1c ./src/ASystem_Init.o
 .debug_macro   0x00014721       0x22 ./src/ASystem_Init.o
 .debug_macro   0x00014743       0x48 ./src/HMotor_Program.o
 .debug_macro   0x0001478b       0x1c ./src/HMotor_Program.o
 .debug_macro   0x000147a7       0x59 ./src/LCD_src.o
 .debug_macro   0x00014800       0x22 ./src/LCD_src.o
 .debug_macro   0x00014822       0x9a ./src/LCD_src.o
 .debug_macro   0x000148bc      0x106 ./src/LCD_src.o
 .debug_macro   0x000149c2       0x49 ./src/MEXTI_Program.o
 .debug_macro   0x00014a0b       0x34 ./src/MEXTI_Program.o
 .debug_macro   0x00014a3f       0x3f ./src/MGPIO_Program.o
 .debug_macro   0x00014a7e       0x2e ./src/MGPIO_Program.o
 .debug_macro   0x00014aac       0x40 ./src/MNVIC_Program.o
 .debug_macro   0x00014aec       0x22 ./src/MNVIC_Program.o
 .debug_macro   0x00014b0e       0x3e ./src/MRCC_Program.o
 .debug_macro   0x00014b4c       0x88 ./src/MRCC_Program.o
 .debug_macro   0x00014bd4       0x22 ./src/MRCC_Program.o
 .debug_macro   0x00014bf6       0x3f ./src/MSTK_Program.o
 .debug_macro   0x00014c35       0x16 ./src/MSTK_Program.o
 .debug_macro   0x00014c4b       0x40 ./src/MUSART_Program.o
 .debug_macro   0x00014c8b       0x16 ./src/MUSART_Program.o
 .debug_macro   0x00014ca1      0x4e4 ./src/_initialize_hardware.o
 .debug_macro   0x00015185       0x1b ./src/main.o
 .debug_macro   0x000151a0      0x4e4 ./src/stm32f4xx_hal_msp.o
